----------------------------------------------------------------------------------------------------------------------------------------------------------------------------------------------------------------------------------------------------------------------------------------
                                       UC1:Ability to create a Address Book Service DB 
                                       - Use SQL Client to create DB and DB Records 
----------------------------------------------------------------------------------------------------------------------------------------------------------------------------------------------------------------------------------------------------------------------------------------


mysql> Create Database AddressBook_DB;
Query OK, 1 row affected (0.03 sec)

mysql> show databases;
+--------------------+
| Database           |
+--------------------+
| addressbook_db     |
| information_schema |
| mysql              |
| payroll_service    |
| performance_schema |
| sys                |
+--------------------+
6 rows in set (0.01 sec)


----------------------------------------------------------------------------------------------------------------------------------------------------------------------------------------------------------------------------------------------------------------------------------------
                                    UC2:Ability to create a Address Book Table with first and last names,
                                        address, city, state, zip, phone                   
                                        number and email as its attributes.

----------------------------------------------------------------------------------------------------------------------------------------------------------------------------------------------------------------------------------------------------------------------------------------


mysql> CREATE TABLE AddressBook (
    ->     AddressBook_no INT AUTO_INCREMENT PRIMARY KEY,
    ->     FirstName VARCHAR(255),
    ->     LastName VARCHAR(255),
    ->     city VARCHAR(255),
    ->     zip INT,
    ->     phone_No VARCHAR(255) NOT NULL,
    ->     Email VARCHAR(255) NOT NULL,
    ->     CONSTRAINT chk_PhoneNumber CHECK (phone_No REGEXP '^[0-9]{10,15}$'),
    ->     UNIQUE (phone_No)
    -> );
Query OK, 0 rows affected (0.90 sec)

mysql> select * from AdressBook;
ERROR 1146 (42S02): Table 'addressbook_db.adressbook' doesn't exist
mysql> select * from AddressBook;
Empty set (0.10 sec)

mysql> desc AddressBook;
+----------------+--------------+------+-----+---------+----------------+
| Field          | Type         | Null | Key | Default | Extra          |
+----------------+--------------+------+-----+---------+----------------+
| AddressBook_no | int          | NO   | PRI | NULL    | auto_increment |
| FirstName      | varchar(255) | YES  |     | NULL    |                |
| LastName       | varchar(255) | YES  |     | NULL    |                |
| city           | varchar(255) | YES  |     | NULL    |                |
| zip            | int          | YES  |     | NULL    |                |
| phone_No       | varchar(255) | NO   | UNI | NULL    |                |
| Email          | varchar(255) | NO   |     | NULL    |                |
+----------------+--------------+------+-----+---------+----------------+
7 rows in set (0.69 sec)


------------------------------------------------------------------------------------------------------------------------------------------------------------------------------------------------------------------------------------------------------------------------------------

                                UC3:Ability to insert new Contacts to Address Book

------------------------------------------------------------------------------------------------------------------------------------------------------------------------------------------------------------------------------------------------------------------------------------
mysql> INSERT INTO AddressBook (AddressBook_no,FirstName,LastName,City,zip,phone_No,Email)
    -> ^C
mysql> INSERT INTO AddressBook (FirstName,LastName,City,zip,phone_No,Email)
    -> VALUES ('Manish','Khade','Mumbai',400089,'9320559246','Manishkhade241099@gmail.com');
Query OK, 1 row affected (0.02 sec)

mysql> INSERT INTO AddressBook (FirstName,LastName,City,zip,phone_No,Email)
    -> VALUES ('Swapnil','Yadav','Navi Mumbai',400706,'8104345244','Swanil@gmail.com');
Query OK, 1 row affected (0.02 sec)

mysql> INSERT INTO AddressBook (FirstName,LastName,City,zip,phone_No,Email)
    -> VALUES ('Anwar','Shaikh','Navi Mumbai',400708,'8652741234','Anwar@gmail.com');
Query OK, 1 row affected (0.02 sec)

mysql> INSERT INTO AddressBook (FirstName,LastName,City,zip,phone_No,Email)
    -> VALUES ('Nitish','Prajapati','Panvel','410293','7652079588','Nitish@gmail.com');
Query OK, 1 row affected (0.84 sec)

mysql> INSERT INTO AddressBook (FirstName,LastName,City,zip,phone_No,Email)
    -> VALUES ('Smital','Patil','Ghansoli_Gaon',400701,'8451091205','Smital@gmail.com');
Query OK, 1 row affected (0.42 sec)

mysql> select * from AddressBook;
+----------------+-----------+-----------+---------------+--------+------------+-----------------------------+
| AddressBook_no | FirstName | LastName  | city          | zip    | phone_No   | Email                       |
+----------------+-----------+-----------+---------------+--------+------------+-----------------------------+
|              1 | Manish    | Khade     | Mumbai        | 400089 | 9320559246 | Manishkhade241099@gmail.com |
|              2 | Swapnil   | Yadav     | Navi Mumbai   | 400706 | 8104345244 | Swanil@gmail.com            |
|              3 | Anwar     | Shaikh    | Navi Mumbai   | 400708 | 8652741234 | Anwar@gmail.com             |
|              4 | Nitish    | Prajapati | Panvel        | 410293 | 7652079588 | Nitish@gmail.com            |
|              5 | Smital    | Patil     | Ghansoli_Gaon | 400701 | 8451091205 | Smital@gmail.com            |
+----------------+-----------+-----------+---------------+--------+------------+-----------------------------+
5 rows in set (0.00 sec)

------------------------------------------------------------------------------------------------------------------------------------------------------------------------------------------------------------------------------------------------------------------------------------
                                          UC4:Ability to edit existing contact person using their name

------------------------------------------------------------------------------------------------------------------------------------------------------------------------------------------------------------------------------------------------------------------------------------
mysql> UPDATE AddressBook
    -> SET city='Ulve',zip='400803',phone_No='9757400321',email='Amey@gmail.com'
    -> where FirstName='Nitish' AND LastName='Prajapati';
Query OK, 1 row affected (0.01 sec)
Rows matched: 1  Changed: 1  Warnings: 0

mysql> select * from AddressBook;
+----------------+-----------+-----------+---------------+--------+------------+-----------------------------+
| AddressBook_no | FirstName | LastName  | city          | zip    | phone_No   | Email                       |
+----------------+-----------+-----------+---------------+--------+------------+-----------------------------+
|              1 | Manish    | Khade     | Mumbai        | 400089 | 9320559246 | Manishkhade241099@gmail.com |
|              2 | Swapnil   | Yadav     | Navi Mumbai   | 400706 | 8104345244 | Swanil@gmail.com            |
|              3 | Anwar     | Shaikh    | Navi Mumbai   | 400708 | 8652741234 | Anwar@gmail.com             |
|              4 | Nitish    | Prajapati | Ulve          | 400803 | 9757400321 | Amey@gmail.com              |
|              5 | Smital    | Patil     | Ghansoli_Gaon | 400701 | 8451091205 | Smital@gmail.com            |
+----------------+-----------+-----------+---------------+--------+------------+-----------------------------+
5 rows in set (0.00 sec)


------------------------------------------------------------------------------------------------------------------------------------------------------------------------------------------------------------------------------------------------------------------------------------
                                UC5:Ability o delete A person Using person's name

------------------------------------------------------------------------------------------------------------------------------------------------------------------------------------------------------------------------------------------------------------------------------------
mysql> DELETE FROM AddressBook
    -> WHERE FirstName='Anwar' AND LastName='Shaikh';
Query OK, 1 row affected (0.57 sec)

mysql> select * from AddressBook;
+----------------+-----------+-----------+---------------+--------+------------+-----------------------------+
| AddressBook_no | FirstName | LastName  | city          | zip    | phone_No   | Email                       |
+----------------+-----------+-----------+---------------+--------+------------+-----------------------------+
|              1 | Manish    | Khade     | Mumbai        | 400089 | 9320559246 | Manishkhade241099@gmail.com |
|              2 | Swapnil   | Yadav     | Navi Mumbai   | 400706 | 8104345244 | Swanil@gmail.com            |
|              4 | Nitish    | Prajapati | Ulve          | 400803 | 9757400321 | Amey@gmail.com              |
|              5 | Smital    | Patil     | Ghansoli_Gaon | 400701 | 8451091205 | Smital@gmail.com            |
+----------------+-----------+-----------+---------------+--------+------------+-----------------------------+
4 rows in set (0.00 sec)


------------------------------------------------------------------------------------------------------------------------------------------------------------------------------------------------------------------------------------------------------------------------------------
                             UC6:Ability to retrieve person Belonging to a city from Address Book
                          
-----------------------------------------------------------------------------------------------------------------------------------------------------------------------------------------------------------------------------------------------------------------------------------


mysql> SELECT * FROM AddressBook
    -> WHERE City='Ghansoli_goan' OR city='Mumbai';
+----------------+-----------+----------+--------+--------+------------+-----------------------------+
| AddressBook_no | FirstName | LastName | city   | zip    | phone_No   | Email                       |
+----------------+-----------+----------+--------+--------+------------+-----------------------------+
|              1 | Manish    | Khade    | Mumbai | 400089 | 9320559246 | Manishkhade241099@gmail.com |
+----------------+-----------+----------+--------+--------+------------+-----------------------------+


                          
-----------------------------------------------------------------------------------------------------------------------------------------------------------------------------------------------------------------------------------------------------------------------------------
                                      UC7:Ability to understand the count of addressbook by city .
                          
-----------------------------------------------------------------------------------------------------------------------------------------------------------------------------------------------------------------------------------------------------------------------------------
mysql> SELECT city,COUNT(*)
    -> FROM AddressBook
    -> GROUP BY city;
+---------------+----------+
| city          | COUNT(*) |
+---------------+----------+
| Mumbai        |        1 |
| Navi Mumbai   |        1 |
| Ulve          |        1 |
| Ghansoli_Gaon |        1 |
+---------------+----------+
4 rows in set (0.00 sec)
-----------------------------------------------------------------------------------------------------------------------------------------------------------------------------------------------------------------------------------------------------------------------------------
                            UC8:Ability to receive entries sorted alphabetically by persons name for a given city
                    
-----------------------------------------------------------------------------------------------------------------------------------------------------------------------------------------------------------------------------------------------------------------------------------


mysql> SELECT * FROM AddressBook
    -> WHERE city='Mumbai'
    -> ORDER BY FirstName,LastName;
+----------------+-----------+----------+--------+--------+------------+-----------------------------+
| AddressBook_no | FirstName | LastName | city   | zip    | phone_No   | Email                       |
+----------------+-----------+----------+--------+--------+------------+-----------------------------+
|              1 | Manish    | Khade    | Mumbai | 400089 | 9320559246 | Manishkhade241099@gmail.com |
|              7 | Tushar    | Jadhav   | Mumbai | 400701 | 8451092256 | Tushar@gmail.com            |
|              6 | vaibhav   | Kumbhar  | Mumbai | 400701 | 8451091256 | Vaibhav@gmail.com           |
|              8 | Vedant    | Gujrathi | Mumbai | 400703 | 8453091256 | Vendant@gmail.com           |
+----------------+-----------+----------+--------+--------+------------+-----------------------------+
4 rows in set (0.00 sec)

mysql> select * from addressbook;
+----------------+-----------+-----------+---------------+--------+------------+-----------------------------+
| AddressBook_no | FirstName | LastName  | city          | zip    | phone_No   | Email                       |
+----------------+-----------+-----------+---------------+--------+------------+-----------------------------+
|              1 | Manish    | Khade     | Mumbai        | 400089 | 9320559246 | Manishkhade241099@gmail.com |
|              2 | Swapnil   | Yadav     | Navi Mumbai   | 400706 | 8104345244 | Swanil@gmail.com            |
|              4 | Nitish    | Prajapati | Ulve          | 400803 | 9757400321 | Amey@gmail.com              |
|              5 | Smital    | Patil     | Ghansoli_Gaon | 400701 | 8451091205 | Smital@gmail.com            |
|              6 | vaibhav   | Kumbhar   | Mumbai        | 400701 | 8451091256 | Vaibhav@gmail.com           |
|              7 | Tushar    | Jadhav    | Mumbai        | 400701 | 8451092256 | Tushar@gmail.com            |
|              8 | Vedant    | Gujrathi  | Mumbai        | 400703 | 8453091256 | Vendant@gmail.com           |
+----------------+-----------+-----------+---------------+--------+------------+-----------------------------+

7 rows in set (0.00 sec)


-----------------------------------------------------------------------------------------------------------------------------------------------------------------------------------------------------------------------------------------------------------------------------------

                                   UC9:Ability to identify each Address Book with name and Type.

-----------------------------------------------------------------------------------------------------------------------------------------------------------------------------------------------------------------------------------------------------------------------------------


mysql> UPDATE AddressBook
    -> SET Type='Family'
    -> where FirstName='Manish';
Query OK, 1 row affected (0.02 sec)
Rows matched: 1  Changed: 1  Warnings: 0

mysql> UPDATE AddressBook
    -> SET Type='Friend'
    -> where FirstName='Swapnil';
Query OK, 1 row affected (0.32 sec)
Rows matched: 1  Changed: 1  Warnings: 0

mysql> UPDATE AddressBook
    -> SET Type='Neighbour'
    -> where FirstName='Nitish';
Query OK, 1 row affected (0.52 sec)
Rows matched: 1  Changed: 1  Warnings: 0

mysql> UPDATE AddressBook
    -> SET Type='Enemy'
    -> where FirstName='Smital';
Query OK, 1 row affected (0.14 sec)
Rows matched: 1  Changed: 1  Warnings: 0

mysql> UPDATE AddressBook
    -> SET Type='Friend'
    -> where FirstName='Nitish';
Query OK, 1 row affected (0.70 sec)
Rows matched: 1  Changed: 1  Warnings: 0

mysql> UPDATE AddressBook
    -> SET Type='Family'
    -> where FirstName='Vaibhav';
Query OK, 1 row affected (0.02 sec)
Rows matched: 1  Changed: 1  Warnings: 0

mysql> UPDATE AddressBook
    -> SET Type='collegue'
    -> where FirstName='Vedant';
Query OK, 1 row affected (0.58 sec)
Rows matched: 1  Changed: 1  Warnings: 0

mysql> UPDATE AddressBook
    -> SET Type='collegue'
    -> where FirstName='Tushar';
Query OK, 1 row affected (0.02 sec)
Rows matched: 1  Changed: 1  Warnings: 0

mysql> SELECT * FROM AddressBook;
+----------------+-----------+-----------+---------------+--------+------------+-----------------------------+----------+
| AddressBook_no | FirstName | LastName  | city          | zip    | phone_No   | Email                       | Type     |
+----------------+-----------+-----------+---------------+--------+------------+-----------------------------+----------+
|              1 | Manish    | Khade     | Mumbai        | 400089 | 9320559246 | Manishkhade241099@gmail.com | Family   |
|              2 | Swapnil   | Yadav     | Navi Mumbai   | 400706 | 8104345244 | Swanil@gmail.com            | Friend   |
|              4 | Nitish    | Prajapati | Ulve          | 400803 | 9757400321 | Amey@gmail.com              | Friend   |
|              5 | Smital    | Patil     | Ghansoli_Gaon | 400701 | 8451091205 | Smital@gmail.com            | Enemy    |
|              6 | vaibhav   | Kumbhar   | Mumbai        | 400701 | 8451091256 | Vaibhav@gmail.com           | Family   |
|              7 | Tushar    | Jadhav    | Mumbai        | 400701 | 8451092256 | Tushar@gmail.com            | collegue |
|              8 | Vedant    | Gujrathi  | Mumbai        | 400703 | 8453091256 | Vendant@gmail.com           | collegue |
+----------------+-----------+-----------+---------------+--------+------------+-----------------------------+----------+
7 rows in set (0.00 sec)

-----------------------------------------------------------------------------------------------------------------------------------------------------------------------------------------------------------------------------------------------------------------------------------
                                         UC10:Ability to set Number of contact person
                                            e.g. Count by Type
-----------------------------------------------------------------------------------------------------------------------------------------------------------------------------------------------------------------------------------------------------------------------------------


mysql> SELECT Type, COUNT(*) AS count_of_phone_numbers
    -> FROM AddressBook
    -> GROUP BY Type;
+----------+------------------------+
| Type     | count_of_phone_numbers |
+----------+------------------------+
| Family   |                      2 |
| Friend   |                      2 |
| Enemy    |                      1 |
| collegue |                      2 |
+----------+------------------------+

-----------------------------------------------------------------------------------------------------------------------------------------------------------------------------------------------------------------------------------------------------------------------------------
                                        UC11:Ability to add Person to both Friend and Family.

-----------------------------------------------------------------------------------------------------------------------------------------------------------------------------------------------------------------------------------------------------------------------------------


mysql> INSERT INTO AddressBook (FirstName, LastName, city, zip, phone_No, Email, Type)
    -> VALUES ('Thomas', 'Adison', 'Japan', '569933', '2700489124', 'Thomas@Japan.com', 'Family');
Query OK, 1 row affected (0.00 sec)

mysql>
mysql> -- Insert as Friend
mysql> INSERT INTO AddressBook (FirstName, LastName, city, zip, phone_No, Email, Type)
    -> VALUES ('Thomas', 'Adison', 'Japan', '569933', '2700489124', 'Thomas@Japan.com', 'Friend');
ERROR 1062 (23000): Duplicate entry '2700489124' for key 'addressbook.phone_No'
mysql> SELECT * FROM AddressBook;
+----------------+-----------+-----------+---------------+--------+------------+-----------------------------+----------+
| AddressBook_no | FirstName | LastName  | city          | zip    | phone_No   | Email                       | Type     |
+----------------+-----------+-----------+---------------+--------+------------+-----------------------------+----------+
|              1 | Manish    | Khade     | Mumbai        | 400089 | 9320559246 | Manishkhade241099@gmail.com | Family   |
|              2 | Swapnil   | Yadav     | Navi Mumbai   | 400706 | 8104345244 | Swanil@gmail.com            | Friend   |
|              4 | Nitish    | Prajapati | Ulve          | 400803 | 9757400321 | Amey@gmail.com              | Friend   |
|              5 | Smital    | Patil     | Ghansoli_Gaon | 400701 | 8451091205 | Smital@gmail.com            | Enemy    |
|              6 | vaibhav   | Kumbhar   | Mumbai        | 400701 | 8451091256 | Vaibhav@gmail.com           | Family   |
|              7 | Tushar    | Jadhav    | Mumbai        | 400701 | 8451092256 | Tushar@gmail.com            | collegue |
|              8 | Vedant    | Gujrathi  | Mumbai        | 400703 | 8453091256 | Vendant@gmail.com           | collegue |
|              9 | Thomas    | Adison    | Japan         | 569933 | 2700489124 | Thomas@Japan.com            | Family   |
+----------------+-----------+-----------+---------------+--------+------------+-----------------------------+----------+
8 rows in set (0.00 sec)

mysql> INSERT INTO AddressBook (FirstName, LastName, city, zip, phone_No, Email, Type)
    -> VALUES ('Thomas', 'Adison', 'Japan', '569933', '2700789124', 'Thomas@Japan.com', 'Family');
Query OK, 1 row affected (0.00 sec)

mysql> SELECT * FROM AddressBook;
+----------------+-----------+-----------+---------------+--------+------------+-----------------------------+----------+
| AddressBook_no | FirstName | LastName  | city          | zip    | phone_No   | Email                       | Type     |
+----------------+-----------+-----------+---------------+--------+------------+-----------------------------+----------+
|              1 | Manish    | Khade     | Mumbai        | 400089 | 9320559246 | Manishkhade241099@gmail.com | Family   |
|              2 | Swapnil   | Yadav     | Navi Mumbai   | 400706 | 8104345244 | Swanil@gmail.com            | Friend   |
|              4 | Nitish    | Prajapati | Ulve          | 400803 | 9757400321 | Amey@gmail.com              | Friend   |
|              5 | Smital    | Patil     | Ghansoli_Gaon | 400701 | 8451091205 | Smital@gmail.com            | Enemy    |
|              6 | vaibhav   | Kumbhar   | Mumbai        | 400701 | 8451091256 | Vaibhav@gmail.com           | Family   |
|              7 | Tushar    | Jadhav    | Mumbai        | 400701 | 8451092256 | Tushar@gmail.com            | collegue |
|              8 | Vedant    | Gujrathi  | Mumbai        | 400703 | 8453091256 | Vendant@gmail.com           | collegue |
|              9 | Thomas    | Adison    | Japan         | 569933 | 2700489124 | Thomas@Japan.com            | Family   |
|             11 | Thomas    | Adison    | Japan         | 569933 | 2700789124 | Thomas@Japan.com            | Family   |
+----------------+-----------+-----------+---------------+--------+------------+-----------------------------+----------+
9 rows in set (0.00 sec)

mysql> UPDATE AddressBook
    -> SET Type='Friend'
    -> WHERE AddressBook_no=11;
Query OK, 1 row affected (0.01 sec)
Rows matched: 1  Changed: 1  Warnings: 0

mysql> SELECT * FROM AddressBook;
+----------------+-----------+-----------+---------------+--------+------------+-----------------------------+----------+
| AddressBook_no | FirstName | LastName  | city          | zip    | phone_No   | Email                       | Type     |
+----------------+-----------+-----------+---------------+--------+------------+-----------------------------+----------+
|              1 | Manish    | Khade     | Mumbai        | 400089 | 9320559246 | Manishkhade241099@gmail.com | Family   |
|              2 | Swapnil   | Yadav     | Navi Mumbai   | 400706 | 8104345244 | Swanil@gmail.com            | Friend   |
|              4 | Nitish    | Prajapati | Ulve          | 400803 | 9757400321 | Amey@gmail.com              | Friend   |
|              5 | Smital    | Patil     | Ghansoli_Gaon | 400701 | 8451091205 | Smital@gmail.com            | Enemy    |
|              6 | vaibhav   | Kumbhar   | Mumbai        | 400701 | 8451091256 | Vaibhav@gmail.com           | Family   |
|              7 | Tushar    | Jadhav    | Mumbai        | 400701 | 8451092256 | Tushar@gmail.com            | collegue |
|              8 | Vedant    | Gujrathi  | Mumbai        | 400703 | 8453091256 | Vendant@gmail.com           | collegue |
|              9 | Thomas    | Adison    | Japan         | 569933 | 2700489124 | Thomas@Japan.com            | Family   |
|             11 | Thomas    | Adison    | Japan         | 569933 | 2700789124 | Thomas@Japan.com            | Friend   |
+----------------+-----------+-----------+---------------+--------+------------+-----------------------------+----------+
9 rows in set (0.00 sec)